[      0s] scenario=tolerance_tight source=ansur2 label=ansur2 surrogate (scalar measurements + assumed shape priors)
[      4s] heads: 600 (196 F), train 420, validation 180; 2833 samples/head, covering radius 9.7 mm, min head radius 30.8 mm, nh fit ok 0.987
[      4s] pad gap window 11.85-27.50 mm; allowances 5.07 mm (sampling bound 1.82); 36 stacks; 45 poses
[     77s] calibrated radial offset 28.5 mm; catalogue 97 crowns (21 size-only)
[    124s]   crowns evaluated: 10/97  (48 s)
[    165s]   crowns evaluated: 20/97  (88 s)
[    202s]   crowns evaluated: 30/97  (125 s)
[    240s]   crowns evaluated: 40/97  (164 s)
[    276s]   crowns evaluated: 50/97  (200 s)
[    325s]   crowns evaluated: 60/97  (248 s)
[    361s]   crowns evaluated: 70/97  (284 s)
[    411s]   crowns evaluated: 80/97  (334 s)
[    449s]   crowns evaluated: 90/97  (372 s)
[    483s]   crowns evaluated: 97/97  (406 s)
[    488s] feasibility matrix (600, 2619); heads with >=1 feasible assembly: 1.000 (weighted 1.000)
[    488s]   size_only         k=1: train 0.573 (greedy 0.573, optimal) val 0.619
[    488s]   size_only         k=2: train 0.728 (greedy 0.705, optimal) val 0.764
[    488s]   size_only         k=3: train 0.790 (greedy 0.787, optimal) val 0.814
[    489s]   size_only         k=4: train 0.827 (greedy 0.821, optimal) val 0.835
[    489s]   size_only         k=5: train 0.862 (greedy 0.845, optimal) val 0.851
[    489s]   size_only         k=6: train 0.873 (greedy 0.863, optimal) val 0.872
[    491s]   shape_integrated  k=1: train 0.683 (greedy 0.683, optimal) val 0.735
[    492s]   shape_integrated  k=2: train 0.866 (greedy 0.827, optimal) val 0.932
[    497s]   shape_integrated  k=3: train 0.925 (greedy 0.903, optimal) val 0.929
[    499s]   shape_integrated  k=4: train 0.959 (greedy 0.953, optimal) val 0.954
[    505s]   shape_integrated  k=5: train 0.974 (greedy 0.968, optimal) val 0.983
[    517s]   shape_integrated  k=6: train 0.984 (greedy 0.981, optimal) val 0.971
[    520s]   modular           k=1: train 0.826 (greedy 0.826, optimal) val 0.871
[    561s]   modular           k=2: train 0.951 (greedy 0.910, optimal) val 0.947
[    587s]   modular           k=3: train 0.990 (greedy 0.984, optimal) val 0.978
[    606s]   modular           k=4: train 0.997 (greedy 0.995, optimal) val 0.988
[    609s]   modular           k=5: train 1.000 (greedy 0.999, optimal) val 0.988
[    610s]   modular           k=6: train 1.000 (greedy 1.000, optimal) val 0.995
[    766s] min-cost table:
    architecture  target            status  mip_gap  tooling_cost_AUD  crown_families  press_die_sets  press_dies  complete_assemblies  train_cov  val_cov
       size_only    0.85           optimal      0.0          240000.0               5               5          10                    5   0.850038 0.860243
       size_only    0.90           optimal      0.0          576000.0              12              12          24                   12   0.900573 0.931718
       size_only    0.95 infeasible_target      NaN               NaN               0               0           0                    0   0.000000 0.000000
shape_integrated    0.85           optimal      0.0           96000.0               2               2           4                    2   0.852220 0.868535
shape_integrated    0.90           optimal      0.0          144000.0               3               3           6                    3   0.918601 0.963622
shape_integrated    0.95           optimal      0.0          192000.0               4               4           8                    4   0.952198 0.978301
         modular    0.85           optimal      0.0           75000.0               2               2           4                    2   0.859051 0.908739
         modular    0.90           optimal      0.0           76500.0               2               2           4                    3   0.901389 0.934904
         modular    0.95           optimal      0.0           81000.0               2               2           4                    6   0.950828 0.947030
[    766s] recommended set: cheapest modular set reaching 0.9 on training heads: ['S13-L20', 'S13-L23', 'S20-L20']
[    806s] done
